// Vitest Snapshot v1, https://vitest.dev/guide/snapshot.html

exports[`the tray menu > every label, both services ok, in order 1`] = `
[
  "Walder",
  "---",
  "Refresh now",
  "Accounts",
  "Claude: ok via Claude Code login",
  "  Login not checked yet",
  "Log in…",
  "Log out",
  "---",
  "ChatGPT: ok via Codex CLI",
  "  Login not checked yet",
  "Log in…",
  "Log out",
  "---",
  "Cursor: not logged in",
  "---",
  "Copilot: not logged in",
  "---",
  "Gemini: not logged in",
  "---",
  "Size",
  "Small",
  "Medium",
  "Large",
  "Card size",
  "Large",
  "Medium",
  "Small",
  "Reset times",
  "Clock time",
  "Countdown",
  "Show in overview",
  "Claude",
  "ChatGPT",
  "Cursor",
  "Copilot",
  "Gemini",
  "Barks",
  "Quiet (95 %, 100 %)",
  "Normal",
  "Chatty (every 10 %)",
  "Bark sound",
  "Primary service",
  "Claude",
  "ChatGPT",
  "Cursor",
  "Copilot",
  "Gemini",
  "Colour",
  "Golden",
  "Red",
  "Cream",
  "Black and tan",
  "Chocolate",
  "Silver dapple",
  "Launch at login (packaged app only)",
  "Sleep during fullscreen video",
  "Still mode (no animation)",
  "Hide when idle",
  "Shortcut",
  "⌃⌘W",
  "⇧F9",
  "⌃⇧F12",
  "⌥⇧W — may clash with typing accents",
  "⌥⇧H — may clash with typing accents",
  "⌃⇧F11",
  "⇧F8",
  "⇧F10",
  "Notify when hidden",
  "---",
  "Install Claude Code hooks…",
  "Remove Claude Code hooks…",
  "Install Codex hooks…",
  "Remove Codex hooks…",
  "---",
  "Reset position",
  "Force interactive (debug)",
  "Developer",
  "Verbose log",
  "Log file: none",
  "---",
  "Inject usage",
  "45%",
  "82%",
  "91%",
  "100%",
  "---",
  "Weekly 92% (5-hour 30%)",
  "Weekly 96% (5-hour 30%)",
  "---",
  "no data",
  "Simulate hook",
  "Claude",
  "done",
  "waiting",
  "prompt",
  "Codex",
  "done",
  "waiting",
  "prompt",
  "Toggle fullscreen mode",
  "Renew Claude Code login now",
  "Report a bug…",
  "---",
  "Quit",
]
`;
